[deothemes.com/envato/emaus/emaus_html/index.html]
[backblue.gif]
[fade.gif]
[index.html]
[deothemes.com/envato/emaus/emaus_html/css/bootstrap.min.css]
[deothemes.com/envato/emaus/emaus_html/css/font-icons.css]
[deothemes.com/envato/emaus/emaus_html/css/style.css]
[deothemes.com/envato/emaus/emaus_html/img/favicon.ico]
[deothemes.com/envato/emaus/emaus_html/img/apple-touch-icon-72x72.png]
[deothemes.com/envato/emaus/emaus_html/img/apple-touch-icon-114x114.png]
[deothemes.com/envato/emaus/emaus_html/img/logo_dark.png]
[deothemes.com/envato/emaus/emaus_html/img/logo_light.png]
[deothemes.com/envato/emaus/emaus_html/index-2.html]
[deothemes.com/envato/emaus/emaus_html/index-3.html]
[deothemes.com/envato/emaus/emaus_html/features.html]
[deothemes.com/envato/emaus/emaus_html/pricing.html]
[deothemes.com/envato/emaus/emaus_html/icons.html]
[deothemes.com/envato/emaus/emaus_html/knowledge-base.html]
[deothemes.com/envato/emaus/emaus_html/img/hero/hero_1.jpg]
[deothemes.com/envato/emaus/emaus_html/img/hero/app.png]
[deothemes.com/envato/emaus/emaus_html/img/partners/partner_logo_dark_1.png]
[deothemes.com/envato/emaus/emaus_html/img/partners/partner_logo_dark_2.png]
[deothemes.com/envato/emaus/emaus_html/img/partners/partner_logo_dark_3.png]
[deothemes.com/envato/emaus/emaus_html/img/partners/partner_logo_dark_4.png]
[deothemes.com/envato/emaus/emaus_html/img/partners/partner_logo_dark_5.png]
[deothemes.com/envato/emaus/emaus_html/img/promo/1.jpg]
[deothemes.com/envato/emaus/emaus_html/img/promo/2.jpg]
[deothemes.com/envato/emaus/emaus_html/img/newsletter/newsletter_bg.jpg]
[deothemes.com/envato/emaus/emaus_html/js/jquery.min.js]
[deothemes.com/envato/emaus/emaus_html/js/bootstrap.min.js]
[deothemes.com/envato/emaus/emaus_html/js/plugins.js]
[deothemes.com/envato/emaus/emaus_html/index.html]
[deothemes.com/envato/emaus/emaus_html/css/bootstrap.min.css]
[deothemes.com/envato/emaus/emaus_html/js/scripts.js]
[deothemes.com/envato/emaus/emaus_html/fonts/ui-iconsdc9c.eot]
[deothemes.com/envato/emaus/emaus_html/fonts/ui-iconsdc9c.woff2]
[deothemes.com/envato/emaus/emaus_html/fonts/ui-iconsdc9c.woff]
[deothemes.com/envato/emaus/emaus_html/fonts/ui-iconsdc9c.ttf]
[deothemes.com/envato/emaus/emaus_html/fonts/ui-iconsdc9c.svg]
[deothemes.com/envato/emaus/emaus_html/css/font-icons.css]
[deothemes.com/envato/emaus/emaus_html/css/owl-carousel/grabbing.png]
[deothemes.com/envato/emaus/emaus_html/css/style.css]
[deothemes.com/envato/emaus/emaus_html/img/apple-touch-icon.html]
[deothemes.com/envato/emaus/emaus_html/img/hero/iphone_app.png]
[deothemes.com/envato/emaus/emaus_html/img/promo/3.jpg]
[deothemes.com/envato/emaus/emaus_html/img/video/video_bg.jpg]
[deothemes.com/envato/emaus/emaus_html/img/promo/iphone_app.png]
[deothemes.com/envato/emaus/emaus_html/img/testimonials/1.jpg]
[deothemes.com/envato/emaus/emaus_html/img/testimonials/2.jpg]
[deothemes.com/envato/emaus/emaus_html/img/app_screens/1.jpg]
[deothemes.com/envato/emaus/emaus_html/img/app_screens/2.jpg]
[deothemes.com/envato/emaus/emaus_html/img/app_screens/3.jpg]
[deothemes.com/envato/emaus/emaus_html/img/app_screens/4.jpg]
[deothemes.com/envato/emaus/emaus_html/index-2.html]
[deothemes.com/envato/emaus/emaus_html/img/hero/book.png]
[deothemes.com/envato/emaus/emaus_html/img/promo/signature.png]
[deothemes.com/envato/emaus/emaus_html/img/promo/author.jpg]
[deothemes.com/envato/emaus/emaus_html/img/testimonials/3.jpg]
[deothemes.com/envato/emaus/emaus_html/index-3.html]
[deothemes.com/envato/emaus/emaus_html/features.html]
[deothemes.com/envato/emaus/emaus_html/pricing.html]
[deothemes.com/envato/emaus/emaus_html/icons.html]
[deothemes.com/envato/emaus/emaus_html/knowledge-base.html]
[deothemes.com/envato/emaus/emaus_html/js/jquery.min.js]
[deothemes.com/envato/emaus/emaus_html/js/bootstrap.min.js]
[deothemes.com/envato/emaus/emaus_html/js/plugins.js]
[deothemes.com/envato/emaus/emaus_html/js/scripts.js]
[deothemes.com/envato/emaus/emaus_html/fonts/ui-iconsdc9c.svg]
[deothemes.com/envato/emaus/emaus_html/img/dropdown.html]
[deothemes.com/envato/emaus/emaus_html/img/pattern.html]
